// Jest Snapshot v1, https://goo.gl/fbAQLP

exports[`render Card 1`] = `
<div>
  <Card
    email="some@email.com"
    id={1}
    key="1"
    name="some name"
  />
</div>
`;
