// Jest Snapshot v1, https://goo.gl/fbAQLP

exports[`render Card 1`] = `
<div
  className="bg-light-green dib br3 pa3 ma2 grow bw2 shadow-5"
>
  <img
    alt="robots"
    src="https://robohash.org/undefined?size=200x200"
  />
  <div />
  <div />
  <div>
    more stuff coming
  </div>
</div>
`;
